This is XeTeX, Version 3.141592653-2.6-0.999996 (TeX Live 2024) (preloaded format=xelatex 2024.6.25)  8 SEP 2026 19:40
entering extended mode
 restricted \write18 enabled.
 %&-line parsing enabled.
**每日大赛.tex
(./每日大赛.tex
LaTeX2e <2023-11-01> patch level 1
L3 programming layer <2024-02-20>
(c:/texlive/2024/texmf-dist/tex/latex/base/article.cls
Document Class: article 2023/05/17 v1.4n Standard LaTeX document class
(c:/texlive/2024/texmf-dist/tex/latex/base/size11.clo
File: size11.clo 2023/05/17 v1.4n Standard LaTeX file (size option)
)
\c@part=\count184
\c@section=\count185
\c@subsection=\count186
\c@subsubsection=\count187
\c@paragraph=\count188
\c@subparagraph=\count189
\c@figure=\count190
\c@table=\count191
\abovecaptionskip=\skip48
\belowcaptionskip=\skip49
\bibindent=\dimen140
)
(c:/texlive/2024/texmf-dist/tex/latex/fontspec/fontspec.sty
(c:/texlive/2024/texmf-dist/tex/latex/l3packages/xparse/xparse.sty
(c:/texlive/2024/texmf-dist/tex/latex/l3kernel/expl3.sty
Package: expl3 2024-02-20 L3 programming layer (loader) 

(c:/texlive/2024/texmf-dist/tex/latex/l3backend/l3backend-xetex.def
File: l3backend-xetex.def 2024-02-20 L3 backend support: XeTeX
\g__graphics_track_int=\count192
\l__pdf_internal_box=\box51
\g__pdf_backend_object_int=\count193
\g__pdf_backend_annotation_int=\count194
\g__pdf_backend_link_int=\count195
))
Package: xparse 2024-02-18 L3 Experimental document command parser
)
Package: fontspec 2024/02/13 v2.9a Font selection for XeLaTeX and LuaLaTeX

(c:/texlive/2024/texmf-dist/tex/latex/fontspec/fontspec-xetex.sty
Package: fontspec-xetex 2024/02/13 v2.9a Font selection for XeLaTeX and LuaLaTe
X
\l__fontspec_script_int=\count196
\l__fontspec_language_int=\count197
\l__fontspec_strnum_int=\count198
\l__fontspec_tmp_int=\count199
\l__fontspec_tmpa_int=\count266
\l__fontspec_tmpb_int=\count267
\l__fontspec_tmpc_int=\count268
\l__fontspec_em_int=\count269
\l__fontspec_emdef_int=\count270
\l__fontspec_strong_int=\count271
\l__fontspec_strongdef_int=\count272
\l__fontspec_tmpa_dim=\dimen141
\l__fontspec_tmpb_dim=\dimen142
\l__fontspec_tmpc_dim=\dimen143

(c:/texlive/2024/texmf-dist/tex/latex/base/fontenc.sty
Package: fontenc 2021/04/29 v2.0v Standard LaTeX package
)
(c:/texlive/2024/texmf-dist/tex/latex/fontspec/fontspec.cfg)))
(c:/texlive/2024/texmf-dist/tex/latex/amsmath/amsmath.sty
Package: amsmath 2023/05/13 v2.17o AMS math features
\@mathmargin=\skip50

For additional information on amsmath, use the `?' option.
(c:/texlive/2024/texmf-dist/tex/latex/amsmath/amstext.sty
Package: amstext 2021/08/26 v2.01 AMS text

(c:/texlive/2024/texmf-dist/tex/latex/amsmath/amsgen.sty
File: amsgen.sty 1999/11/30 v2.0 generic functions
\@emptytoks=\toks17
\ex@=\dimen144
))
(c:/texlive/2024/texmf-dist/tex/latex/amsmath/amsbsy.sty
Package: amsbsy 1999/11/29 v1.2d Bold Symbols
\pmbraise@=\dimen145
)
(c:/texlive/2024/texmf-dist/tex/latex/amsmath/amsopn.sty
Package: amsopn 2022/04/08 v2.04 operator names
)
\inf@bad=\count273
LaTeX Info: Redefining \frac on input line 234.
\uproot@=\count274
\leftroot@=\count275
LaTeX Info: Redefining \overline on input line 399.
LaTeX Info: Redefining \colon on input line 410.
\classnum@=\count276
\DOTSCASE@=\count277
LaTeX Info: Redefining \ldots on input line 496.
LaTeX Info: Redefining \dots on input line 499.
LaTeX Info: Redefining \cdots on input line 620.
\Mathstrutbox@=\box52
\strutbox@=\box53
LaTeX Info: Redefining \big on input line 722.
LaTeX Info: Redefining \Big on input line 723.
LaTeX Info: Redefining \bigg on input line 724.
LaTeX Info: Redefining \Bigg on input line 725.
\big@size=\dimen146
LaTeX Font Info:    Redeclaring font encoding OML on input line 743.
LaTeX Font Info:    Redeclaring font encoding OMS on input line 744.
\macc@depth=\count278
LaTeX Info: Redefining \bmod on input line 905.
LaTeX Info: Redefining \pmod on input line 910.
LaTeX Info: Redefining \smash on input line 940.
LaTeX Info: Redefining \relbar on input line 970.
LaTeX Info: Redefining \Relbar on input line 971.
\c@MaxMatrixCols=\count279
\dotsspace@=\muskip16
\c@parentequation=\count280
\dspbrk@lvl=\count281
\tag@help=\toks18
\row@=\count282
\column@=\count283
\maxfields@=\count284
\andhelp@=\toks19
\eqnshift@=\dimen147
\alignsep@=\dimen148
\tagshift@=\dimen149
\tagwidth@=\dimen150
\totwidth@=\dimen151
\lineht@=\dimen152
\@envbody=\toks20
\multlinegap=\skip51
\multlinetaggap=\skip52
\mathdisplay@stack=\toks21
LaTeX Info: Redefining \[ on input line 2953.
LaTeX Info: Redefining \] on input line 2954.
)
(c:/texlive/2024/texmf-dist/tex/latex/unicode-math/unicode-math.sty
Package: unicode-math 2023/08/13 v0.8r Unicode maths in XeLaTeX and LuaLaTeX

(c:/texlive/2024/texmf-dist/tex/latex/unicode-math/unicode-math-xetex.sty
Package: unicode-math-xetex 2023/08/13 v0.8r Unicode maths in XeLaTeX and LuaLa
TeX

(c:/texlive/2024/texmf-dist/tex/latex/l3packages/l3keys2e/l3keys2e.sty
Package: l3keys2e 2024-02-18 LaTeX2e option processing using LaTeX3 keys
)
(c:/texlive/2024/texmf-dist/tex/latex/base/fix-cm.sty
Package: fix-cm 2020/11/24 v1.1t fixes to LaTeX

(c:/texlive/2024/texmf-dist/tex/latex/base/ts1enc.def
File: ts1enc.def 2001/06/05 v3.0e (jk/car/fm) Standard LaTeX file
LaTeX Font Info:    Redeclaring font encoding TS1 on input line 47.
))
\g__um_fam_int=\count285
\g__um_fonts_used_int=\count286
\l__um_primecount_int=\count287
\g__um_primekern_muskip=\muskip17

(c:/texlive/2024/texmf-dist/tex/latex/unicode-math/unicode-math-table.tex)))

Package fontspec Info: Font family 'EBGaramond(0)' created for font
(fontspec)             'EBGaramond' with options
(fontspec)             [Ligatures=TeX,Ligatures=TeX,Path =
(fontspec)             {c:/texlive/2024/texmf-dist/fonts/opentype/public/ebgara
mond/},Extension
(fontspec)             = .otf,UprightFont = *-Regular,ItalicFont =
(fontspec)             *-Italic,BoldFont = *-SemiBold,BoldItalicFont =
(fontspec)             *-SemiBoldItalic,Ligatures = TeX,Numbers = OldStyle].
(fontspec)              
(fontspec)              This font family consists of the following NFSS
(fontspec)             series/shapes:
(fontspec)              
(fontspec)             - 'normal' (m/n) with NFSS spec.:
(fontspec)             <->"[c:/texlive/2024/texmf-dist/fonts/opentype/public/eb
garamond/EBGaramond-Regular.otf]/OT:script=latn;language=dflt;+onum;mapping=tex
-text;"
(fontspec)             - 'small caps'  (m/sc) with NFSS spec.:
(fontspec)             <->"[c:/texlive/2024/texmf-dist/fonts/opentype/public/eb
garamond/EBGaramond-Regular.otf]/OT:script=latn;language=dflt;+onum;+smcp;mappi
ng=tex-text;"
(fontspec)             - 'bold' (b/n) with NFSS spec.:
(fontspec)             <->"[c:/texlive/2024/texmf-dist/fonts/opentype/public/eb
garamond/EBGaramond-SemiBold.otf]/OT:script=latn;language=dflt;+onum;mapping=te
x-text;"
(fontspec)             - 'bold small caps'  (b/sc) with NFSS spec.:
(fontspec)             <->"[c:/texlive/2024/texmf-dist/fonts/opentype/public/eb
garamond/EBGaramond-SemiBold.otf]/OT:script=latn;language=dflt;+onum;+smcp;mapp
ing=tex-text;"
(fontspec)             - 'italic' (m/it) with NFSS spec.:
(fontspec)             <->"[c:/texlive/2024/texmf-dist/fonts/opentype/public/eb
garamond/EBGaramond-Italic.otf]/OT:script=latn;language=dflt;+onum;mapping=tex-
text;"
(fontspec)             - 'italic small caps'  (m/scit) with NFSS spec.:
(fontspec)             <->"[c:/texlive/2024/texmf-dist/fonts/opentype/public/eb
garamond/EBGaramond-Italic.otf]/OT:script=latn;language=dflt;+onum;+smcp;mappin
g=tex-text;"
(fontspec)             - 'bold italic' (b/it) with NFSS spec.:
(fontspec)             <->"[c:/texlive/2024/texmf-dist/fonts/opentype/public/eb
garamond/EBGaramond-SemiBoldItalic.otf]/OT:script=latn;language=dflt;+onum;mapp
ing=tex-text;"
(fontspec)             - 'bold italic small caps'  (b/scit) with NFSS spec.:
(fontspec)             <->"[c:/texlive/2024/texmf-dist/fonts/opentype/public/eb
garamond/EBGaramond-SemiBoldItalic.otf]/OT:script=latn;language=dflt;+onum;+smc
p;mapping=tex-text;"


Package fontspec Info: Font family 'EBGaramond(1)' created for font
(fontspec)             'EBGaramond' with options [Ligatures=TeX,Path =
(fontspec)             {c:/texlive/2024/texmf-dist/fonts/opentype/public/ebgara
mond/},Extension
(fontspec)             = .otf,UprightFont = *-Regular,ItalicFont =
(fontspec)             *-Italic,BoldFont = *-SemiBold,BoldItalicFont =
(fontspec)             *-SemiBoldItalic,Ligatures = TeX,Numbers = OldStyle].
(fontspec)              
(fontspec)              This font family consists of the following NFSS
(fontspec)             series/shapes:
(fontspec)              
(fontspec)             - 'normal' (m/n) with NFSS spec.:
(fontspec)             <->"[c:/texlive/2024/texmf-dist/fonts/opentype/public/eb
garamond/EBGaramond-Regular.otf]/OT:script=latn;language=dflt;+onum;mapping=tex
-text;"
(fontspec)             - 'small caps'  (m/sc) with NFSS spec.:
(fontspec)             <->"[c:/texlive/2024/texmf-dist/fonts/opentype/public/eb
garamond/EBGaramond-Regular.otf]/OT:script=latn;language=dflt;+onum;+smcp;mappi
ng=tex-text;"
(fontspec)             - 'bold' (b/n) with NFSS spec.:
(fontspec)             <->"[c:/texlive/2024/texmf-dist/fonts/opentype/public/eb
garamond/EBGaramond-SemiBold.otf]/OT:script=latn;language=dflt;+onum;mapping=te
x-text;"
(fontspec)             - 'bold small caps'  (b/sc) with NFSS spec.:
(fontspec)             <->"[c:/texlive/2024/texmf-dist/fonts/opentype/public/eb
garamond/EBGaramond-SemiBold.otf]/OT:script=latn;language=dflt;+onum;+smcp;mapp
ing=tex-text;"
(fontspec)             - 'italic' (m/it) with NFSS spec.:
(fontspec)             <->"[c:/texlive/2024/texmf-dist/fonts/opentype/public/eb
garamond/EBGaramond-Italic.otf]/OT:script=latn;language=dflt;+onum;mapping=tex-
text;"
(fontspec)             - 'italic small caps'  (m/scit) with NFSS spec.:
(fontspec)             <->"[c:/texlive/2024/texmf-dist/fonts/opentype/public/eb
garamond/EBGaramond-Italic.otf]/OT:script=latn;language=dflt;+onum;+smcp;mappin
g=tex-text;"
(fontspec)             - 'bold italic' (b/it) with NFSS spec.:
(fontspec)             <->"[c:/texlive/2024/texmf-dist/fonts/opentype/public/eb
garamond/EBGaramond-SemiBoldItalic.otf]/OT:script=latn;language=dflt;+onum;mapp
ing=tex-text;"
(fontspec)             - 'bold italic small caps'  (b/scit) with NFSS spec.:
(fontspec)             <->"[c:/texlive/2024/texmf-dist/fonts/opentype/public/eb
garamond/EBGaramond-SemiBoldItalic.otf]/OT:script=latn;language=dflt;+onum;+smc
p;mapping=tex-text;"

LaTeX Font Info:    Overwriting math alphabet `\mathrm' in version `normal'
(Font)                  OT1/cmr/m/n --> TU/EBGaramond(1)/m/n on input line 21.
LaTeX Font Info:    Overwriting math alphabet `\mathit' in version `normal'
(Font)                  OT1/cmr/m/it --> TU/EBGaramond(1)/m/it on input line 21
.
LaTeX Font Info:    Overwriting math alphabet `\mathbf' in version `normal'
(Font)                  OT1/cmr/bx/n --> TU/EBGaramond(1)/b/n on input line 21.


Package fontspec Info: LibertinusSans-Regular scale = 0.8695631100313233.


Package fontspec Info: LibertinusSans-Regular scale = 0.8695631100313233.


Package fontspec Info: LibertinusSans-Regular scale = 0.8695631100313233.


Package fontspec Info: LibertinusSans-Bold scale = 0.9324008718276873.


Package fontspec Info: LibertinusSans-Bold scale = 0.9324008718276873.


Package fontspec Info: LibertinusSans-Italic scale = 0.9324008718276873.


Package fontspec Info: LibertinusSans-Italic scale = 0.9324008718276873.


Package fontspec Info: Font family 'LibertinusSans(0)' created for font
(fontspec)             'LibertinusSans' with options
(fontspec)             [Ligatures=TeX,Ligatures=TeX,Path =
(fontspec)             {c:/texlive/2024/texmf-dist/fonts/opentype/public/libert
inus-fonts/},Extension
(fontspec)             = .otf,UprightFont = *-Regular,ItalicFont =
(fontspec)             *-Italic,BoldFont = *-Bold,Scale = MatchLowercase].
(fontspec)              
(fontspec)              This font family consists of the following NFSS
(fontspec)             series/shapes:
(fontspec)              
(fontspec)             - 'normal' (m/n) with NFSS spec.:
(fontspec)             <->s*[0.8695631100313233]"[c:/texlive/2024/texmf-dist/fo
nts/opentype/public/libertinus-fonts/LibertinusSans-Regular.otf]/OT:script=latn
;language=dflt;mapping=tex-text;"
(fontspec)             - 'small caps'  (m/sc) with NFSS spec.:
(fontspec)             <->s*[0.8695631100313233]"[c:/texlive/2024/texmf-dist/fo
nts/opentype/public/libertinus-fonts/LibertinusSans-Regular.otf]/OT:script=latn
;language=dflt;+smcp;mapping=tex-text;"
(fontspec)             - 'bold' (b/n) with NFSS spec.:
(fontspec)             <->s*[0.9324008718276873]"[c:/texlive/2024/texmf-dist/fo
nts/opentype/public/libertinus-fonts/LibertinusSans-Bold.otf]/OT:script=latn;la
nguage=dflt;mapping=tex-text;"
(fontspec)             - 'bold small caps'  (b/sc) with NFSS spec.:
(fontspec)             <->s*[0.9324008718276873]"[c:/texlive/2024/texmf-dist/fo
nts/opentype/public/libertinus-fonts/LibertinusSans-Bold.otf]/OT:script=latn;la
nguage=dflt;+smcp;mapping=tex-text;"
(fontspec)             - 'italic' (m/it) with NFSS spec.:
(fontspec)             <->s*[0.9324008718276873]"[c:/texlive/2024/texmf-dist/fo
nts/opentype/public/libertinus-fonts/LibertinusSans-Italic.otf]/OT:script=latn;
language=dflt;mapping=tex-text;"
(fontspec)             - 'italic small caps'  (m/scit) with NFSS spec.:
(fontspec)             <->s*[0.9324008718276873]"[c:/texlive/2024/texmf-dist/fo
nts/opentype/public/libertinus-fonts/LibertinusSans-Italic.otf]/OT:script=latn;
language=dflt;+smcp;mapping=tex-text;"


Package fontspec Info: LibertinusSans-Regular scale = 0.8695631100313233.


Package fontspec Info: LibertinusSans-Regular scale = 0.8695631100313233.


Package fontspec Info: LibertinusSans-Regular scale = 0.8695631100313233.


Package fontspec Info: LibertinusSans-Bold scale = 0.9324008718276873.


Package fontspec Info: LibertinusSans-Bold scale = 0.9324008718276873.


Package fontspec Info: LibertinusSans-Italic scale = 0.9324008718276873.


Package fontspec Info: LibertinusSans-Italic scale = 0.9324008718276873.


Package fontspec Info: Font family 'LibertinusSans(1)' created for font
(fontspec)             'LibertinusSans' with options [Ligatures=TeX,Path =
(fontspec)             {c:/texlive/2024/texmf-dist/fonts/opentype/public/libert
inus-fonts/},Extension
(fontspec)             = .otf,UprightFont = *-Regular,ItalicFont =
(fontspec)             *-Italic,BoldFont = *-Bold,Scale = MatchLowercase].
(fontspec)              
(fontspec)              This font family consists of the following NFSS
(fontspec)             series/shapes:
(fontspec)              
(fontspec)             - 'normal' (m/n) with NFSS spec.:
(fontspec)             <->s*[0.8695631100313233]"[c:/texlive/2024/texmf-dist/fo
nts/opentype/public/libertinus-fonts/LibertinusSans-Regular.otf]/OT:script=latn
;language=dflt;mapping=tex-text;"
(fontspec)             - 'small caps'  (m/sc) with NFSS spec.:
(fontspec)             <->s*[0.8695631100313233]"[c:/texlive/2024/texmf-dist/fo
nts/opentype/public/libertinus-fonts/LibertinusSans-Regular.otf]/OT:script=latn
;language=dflt;+smcp;mapping=tex-text;"
(fontspec)             - 'bold' (b/n) with NFSS spec.:
(fontspec)             <->s*[0.9324008718276873]"[c:/texlive/2024/texmf-dist/fo
nts/opentype/public/libertinus-fonts/LibertinusSans-Bold.otf]/OT:script=latn;la
nguage=dflt;mapping=tex-text;"
(fontspec)             - 'bold small caps'  (b/sc) with NFSS spec.:
(fontspec)             <->s*[0.9324008718276873]"[c:/texlive/2024/texmf-dist/fo
nts/opentype/public/libertinus-fonts/LibertinusSans-Bold.otf]/OT:script=latn;la
nguage=dflt;+smcp;mapping=tex-text;"
(fontspec)             - 'italic' (m/it) with NFSS spec.:
(fontspec)             <->s*[0.9324008718276873]"[c:/texlive/2024/texmf-dist/fo
nts/opentype/public/libertinus-fonts/LibertinusSans-Italic.otf]/OT:script=latn;
language=dflt;mapping=tex-text;"
(fontspec)             - 'italic small caps'  (m/scit) with NFSS spec.:
(fontspec)             <->s*[0.9324008718276873]"[c:/texlive/2024/texmf-dist/fo
nts/opentype/public/libertinus-fonts/LibertinusSans-Italic.otf]/OT:script=latn;
language=dflt;+smcp;mapping=tex-text;"

LaTeX Font Info:    Overwriting math alphabet `\mathsf' in version `normal'
(Font)                  OT1/cmss/m/n --> TU/LibertinusSans(1)/m/n on input line
 29.
LaTeX Font Info:    Overwriting math alphabet `\mathsf' in version `bold'
(Font)                  OT1/cmss/bx/n --> TU/LibertinusSans(1)/b/n on input lin
e 29.

Package fontspec Info: Garamond-Math scale = 0.888888888888889.


Package fontspec Info: Garamond-Math scale = 0.888888888888889.


Package fontspec Info: Font family 'Garamond-Math.otf(0)' created for font
(fontspec)             'Garamond-Math.otf' with options
(fontspec)             [Ligatures=TeX,BoldItalicFont={},ItalicFont={},SmallCaps
Font={},Script=Math,Path={c:/texlive/2024/texmf-dist/fonts/opentype/public/gara
mond-math/},Scale={MatchLowercase}].
(fontspec)              
(fontspec)              This font family consists of the following NFSS
(fontspec)             series/shapes:
(fontspec)              
(fontspec)             - 'normal' (m/n) with NFSS spec.:
(fontspec)             <->s*[0.888888888888889]"[c:/texlive/2024/texmf-dist/fon
ts/opentype/public/garamond-math/Garamond-Math.otf]/OT:script=math;language=dfl
t;mapping=tex-text;"
(fontspec)             - 'small caps'  (m/sc) with NFSS spec.: 

LaTeX Font Info:    Font shape `TU/Garamond-Math.otf(0)/m/n' will be
(Font)              scaled to size 9.73329pt on input line 33.

Package fontspec Info: Garamond-Math scale = 0.888888888888889.


Package fontspec Info: Garamond-Math scale = 0.888888888888889.


Package fontspec Info: Garamond-Math scale = 0.888888888888889.


Package fontspec Info: Garamond-Math scale = 0.888888888888889.


Package fontspec Info: Font family 'Garamond-Math.otf(1)' created for font
(fontspec)             'Garamond-Math.otf' with options
(fontspec)             [Ligatures=TeX,BoldItalicFont={},ItalicFont={},SmallCaps
Font={},Script=Math,SizeFeatures={{Size=9.3075-},{Size=6.57-9.3075,Font=Garamon
d-Math.otf,Style=MathScript},{Size=-6.57,Font=Garamond-Math.otf,Style=MathScrip
tScript}},Path={c:/texlive/2024/texmf-dist/fonts/opentype/public/garamond-math/
},Scale={MatchLowercase}].
(fontspec)              
(fontspec)              This font family consists of the following NFSS
(fontspec)             series/shapes:
(fontspec)              
(fontspec)             - 'normal' (m/n) with NFSS spec.:
(fontspec)             <9.3075->s*[0.888888888888889]"[c:/texlive/2024/texmf-di
st/fonts/opentype/public/garamond-math/Garamond-Math.otf]/OT:script=math;langua
ge=dflt;mapping=tex-text;"<6.57-9.3075>s*[0.888888888888889]"[c:/texlive/2024/t
exmf-dist/fonts/opentype/public/garamond-math/Garamond-Math.otf]/OT:script=math
;language=dflt;+ssty=0;mapping=tex-text;"<-6.57>s*[0.888888888888889]"[c:/texli
ve/2024/texmf-dist/fonts/opentype/public/garamond-math/Garamond-Math.otf]/OT:sc
ript=math;language=dflt;+ssty=1;mapping=tex-text;"
(fontspec)             - 'small caps'  (m/sc) with NFSS spec.: 

LaTeX Font Info:    Font shape `TU/Garamond-Math.otf(1)/m/n' will be
(Font)              scaled to size 9.73329pt on input line 33.
LaTeX Font Info:    Encoding `OT1' has changed to `TU' for symbol font
(Font)              `operators' in the math version `normal' on input line 33.
LaTeX Font Info:    Overwriting symbol font `operators' in version `normal'
(Font)                  OT1/cmr/m/n --> TU/Garamond-Math.otf(1)/m/n on input li
ne 33.
LaTeX Font Info:    Encoding `OT1' has changed to `TU' for symbol font
(Font)              `operators' in the math version `bold' on input line 33.
LaTeX Font Info:    Overwriting symbol font `operators' in version `bold'
(Font)                  OT1/cmr/bx/n --> TU/Garamond-Math.otf(1)/b/n on input l
ine 33.

Package fontspec Info: Garamond-Math scale = 0.888888888888889.


Package fontspec Info: Garamond-Math scale = 0.8889777777777779.


Package fontspec Info: Garamond-Math scale = 0.888888888888889.


Package fontspec Info: Garamond-Math scale = 0.8889777777777779.


Package fontspec Info: Garamond-Math scale = 0.888888888888889.


Package fontspec Info: Garamond-Math scale = 0.8889777777777779.


Package fontspec Info: Garamond-Math scale = 0.888888888888889.


Package fontspec Info: Garamond-Math scale = 0.8889777777777779.


Package fontspec Info: Font family 'Garamond-Math.otf(2)' created for font
(fontspec)             'Garamond-Math.otf' with options
(fontspec)             [Ligatures=TeX,BoldItalicFont={},ItalicFont={},SmallCaps
Font={},Script=Math,SizeFeatures={{Size=9.3075-},{Size=6.57-9.3075,Font=Garamon
d-Math.otf,Style=MathScript},{Size=-6.57,Font=Garamond-Math.otf,Style=MathScrip
tScript}},Path={c:/texlive/2024/texmf-dist/fonts/opentype/public/garamond-math/
},Scale={MatchLowercase},ScaleAgain=1.0001,FontAdjustment={\fontdimen
(fontspec)             8\font =6.17091pt\relax \fontdimen 9\font
(fontspec)             =4.18532pt\relax \fontdimen 10\font =4.18532pt\relax
(fontspec)             \fontdimen 11\font =5.82051pt\relax \fontdimen 12\font
(fontspec)             =2.58905pt\relax \fontdimen 13\font =4.18532pt\relax
(fontspec)             \fontdimen 14\font =4.18532pt\relax \fontdimen 15\font
(fontspec)             =2.91998pt\relax \fontdimen 16\font =2.43332pt\relax
(fontspec)             \fontdimen 17\font =2.43332pt\relax \fontdimen 18\font
(fontspec)             =2.23866pt\relax \fontdimen 19\font =1.45999pt\relax
(fontspec)             \fontdimen 22\font =2.43332pt\relax \fontdimen 20\font
(fontspec)             =0pt\relax \fontdimen 21\font =0pt\relax }].
(fontspec)              
(fontspec)              This font family consists of the following NFSS
(fontspec)             series/shapes:
(fontspec)              
(fontspec)             - 'normal' (m/n) with NFSS spec.:
(fontspec)             <9.3075->s*[0.8889777777777779]"[c:/texlive/2024/texmf-d
ist/fonts/opentype/public/garamond-math/Garamond-Math.otf]/OT:script=math;langu
age=dflt;mapping=tex-text;"<6.57-9.3075>s*[0.8889777777777779]"[c:/texlive/2024
/texmf-dist/fonts/opentype/public/garamond-math/Garamond-Math.otf]/OT:script=ma
th;language=dflt;+ssty=0;mapping=tex-text;"<-6.57>s*[0.8889777777777779]"[c:/te
xlive/2024/texmf-dist/fonts/opentype/public/garamond-math/Garamond-Math.otf]/OT
:script=math;language=dflt;+ssty=1;mapping=tex-text;"
(fontspec)             - 'small caps'  (m/sc) with NFSS spec.: 
(fontspec)             and font adjustment code:
(fontspec)             \fontdimen 8\font =6.17091pt\relax \fontdimen 9\font
(fontspec)             =4.18532pt\relax \fontdimen 10\font =4.18532pt\relax
(fontspec)             \fontdimen 11\font =5.82051pt\relax \fontdimen 12\font
(fontspec)             =2.58905pt\relax \fontdimen 13\font =4.18532pt\relax
(fontspec)             \fontdimen 14\font =4.18532pt\relax \fontdimen 15\font
(fontspec)             =2.91998pt\relax \fontdimen 16\font =2.43332pt\relax
(fontspec)             \fontdimen 17\font =2.43332pt\relax \fontdimen 18\font
(fontspec)             =2.23866pt\relax \fontdimen 19\font =1.45999pt\relax
(fontspec)             \fontdimen 22\font =2.43332pt\relax \fontdimen 20\font
(fontspec)             =0pt\relax \fontdimen 21\font =0pt\relax 

LaTeX Font Info:    Encoding `OMS' has changed to `TU' for symbol font
(Font)              `symbols' in the math version `normal' on input line 33.
LaTeX Font Info:    Overwriting symbol font `symbols' in version `normal'
(Font)                  OMS/cmsy/m/n --> TU/Garamond-Math.otf(2)/m/n on input l
ine 33.
LaTeX Font Info:    Encoding `OMS' has changed to `TU' for symbol font
(Font)              `symbols' in the math version `bold' on input line 33.
LaTeX Font Info:    Overwriting symbol font `symbols' in version `bold'
(Font)                  OMS/cmsy/b/n --> TU/Garamond-Math.otf(2)/b/n on input l
ine 33.

Package fontspec Info: Garamond-Math scale = 0.888888888888889.


Package fontspec Info: Garamond-Math scale = 0.8888000000000001.


Package fontspec Info: Garamond-Math scale = 0.888888888888889.


Package fontspec Info: Garamond-Math scale = 0.8888000000000001.


Package fontspec Info: Garamond-Math scale = 0.888888888888889.


Package fontspec Info: Garamond-Math scale = 0.8888000000000001.


Package fontspec Info: Garamond-Math scale = 0.888888888888889.


Package fontspec Info: Garamond-Math scale = 0.8888000000000001.


Package fontspec Info: Font family 'Garamond-Math.otf(3)' created for font
(fontspec)             'Garamond-Math.otf' with options
(fontspec)             [Ligatures=TeX,BoldItalicFont={},ItalicFont={},SmallCaps
Font={},Script=Math,SizeFeatures={{Size=9.3075-},{Size=6.57-9.3075,Font=Garamon
d-Math.otf,Style=MathScript},{Size=-6.57,Font=Garamond-Math.otf,Style=MathScrip
tScript}},Path={c:/texlive/2024/texmf-dist/fonts/opentype/public/garamond-math/
},Scale={MatchLowercase},ScaleAgain=0.9999,FontAdjustment={\fontdimen
(fontspec)             8\font =0.48666pt\relax \fontdimen 9\font
(fontspec)             =0.97333pt\relax \fontdimen 10\font =0.97333pt\relax
(fontspec)             \fontdimen 11\font =0.97333pt\relax \fontdimen 12\font
(fontspec)             =4.21451pt\relax \fontdimen 13\font =0pt\relax }].
(fontspec)              
(fontspec)              This font family consists of the following NFSS
(fontspec)             series/shapes:
(fontspec)              
(fontspec)             - 'normal' (m/n) with NFSS spec.:
(fontspec)             <9.3075->s*[0.8888000000000001]"[c:/texlive/2024/texmf-d
ist/fonts/opentype/public/garamond-math/Garamond-Math.otf]/OT:script=math;langu
age=dflt;mapping=tex-text;"<6.57-9.3075>s*[0.8888000000000001]"[c:/texlive/2024
/texmf-dist/fonts/opentype/public/garamond-math/Garamond-Math.otf]/OT:script=ma
th;language=dflt;+ssty=0;mapping=tex-text;"<-6.57>s*[0.8888000000000001]"[c:/te
xlive/2024/texmf-dist/fonts/opentype/public/garamond-math/Garamond-Math.otf]/OT
:script=math;language=dflt;+ssty=1;mapping=tex-text;"
(fontspec)             - 'small caps'  (m/sc) with NFSS spec.: 
(fontspec)             and font adjustment code:
(fontspec)             \fontdimen 8\font =0.48666pt\relax \fontdimen 9\font
(fontspec)             =0.97333pt\relax \fontdimen 10\font =0.97333pt\relax
(fontspec)             \fontdimen 11\font =0.97333pt\relax \fontdimen 12\font
(fontspec)             =4.21451pt\relax \fontdimen 13\font =0pt\relax 

LaTeX Font Info:    Encoding `OMX' has changed to `TU' for symbol font
(Font)              `largesymbols' in the math version `normal' on input line 3
3.
LaTeX Font Info:    Overwriting symbol font `largesymbols' in version `normal'
(Font)                  OMX/cmex/m/n --> TU/Garamond-Math.otf(3)/m/n on input l
ine 33.
LaTeX Font Info:    Encoding `OMX' has changed to `TU' for symbol font
(Font)              `largesymbols' in the math version `bold' on input line 33.

LaTeX Font Info:    Overwriting symbol font `largesymbols' in version `bold'
(Font)                  OMX/cmex/m/n --> TU/Garamond-Math.otf(3)/b/n on input l
ine 33.

(c:/texlive/2024/texmf-dist/tex/xelatex/xecjk/xeCJK.sty
Package: xeCJK 2022/08/05 v3.9.1 Typesetting CJK scripts with XeLaTeX

(c:/texlive/2024/texmf-dist/tex/latex/ctex/ctexhook.sty
Package: ctexhook 2022/07/14 v2.5.10 Document and package hooks (CTEX)
)
(c:/texlive/2024/texmf-dist/tex/latex/l3packages/xtemplate/xtemplate.sty
(c:/texlive/2024/texmf-dist/tex/latex/l3packages/xtemplate/xtemplate-2023-10-10
.sty
Package: xtemplate 2023-10-10 L3 Experimental prototype document functions
\l__xtemplate_tmp_dim=\dimen153
\l__xtemplate_tmp_int=\count288
\l__xtemplate_tmp_muskip=\muskip18
\l__xtemplate_tmp_skip=\skip53
))
\l__xeCJK_tmp_int=\count289
\l__xeCJK_tmp_box=\box54
\l__xeCJK_tmp_dim=\dimen154
\l__xeCJK_tmp_skip=\skip54
\g__xeCJK_space_factor_int=\count290
\l__xeCJK_begin_int=\count291
\l__xeCJK_end_int=\count292
\c__xeCJK_CJK_class_int=\XeTeXcharclass1
\c__xeCJK_FullLeft_class_int=\XeTeXcharclass2
\c__xeCJK_FullRight_class_int=\XeTeXcharclass3
\c__xeCJK_HalfLeft_class_int=\XeTeXcharclass4
\c__xeCJK_HalfRight_class_int=\XeTeXcharclass5
\c__xeCJK_NormalSpace_class_int=\XeTeXcharclass6
\c__xeCJK_CM_class_int=\XeTeXcharclass7
\c__xeCJK_HangulJamo_class_int=\XeTeXcharclass8
\l__xeCJK_last_skip=\skip55
\c__xeCJK_none_node=\count293
\g__xeCJK_node_int=\count294
\c__xeCJK_CJK_node_dim=\dimen155
\c__xeCJK_CJK-space_node_dim=\dimen156
\c__xeCJK_default_node_dim=\dimen157
\c__xeCJK_CJK-widow_node_dim=\dimen158
\c__xeCJK_normalspace_node_dim=\dimen159
\c__xeCJK_default-space_node_skip=\skip56
\l__xeCJK_ccglue_skip=\skip57
\l__xeCJK_ecglue_skip=\skip58
\l__xeCJK_punct_kern_skip=\skip59
\l__xeCJK_indent_box=\box55
\l__xeCJK_last_penalty_int=\count295
\l__xeCJK_last_bound_dim=\dimen160
\l__xeCJK_last_kern_dim=\dimen161
\l__xeCJK_widow_penalty_int=\count296

Package xtemplate Info: Declaring object type 'xeCJK/punctuation' taking 0
(xtemplate)             argument(s) on line 2396.

\l__xeCJK_fixed_punct_width_dim=\dimen162
\l__xeCJK_mixed_punct_width_dim=\dimen163
\l__xeCJK_middle_punct_width_dim=\dimen164
\l__xeCJK_fixed_margin_width_dim=\dimen165
\l__xeCJK_mixed_margin_width_dim=\dimen166
\l__xeCJK_middle_margin_width_dim=\dimen167
\l__xeCJK_bound_punct_width_dim=\dimen168
\l__xeCJK_bound_margin_width_dim=\dimen169
\l__xeCJK_margin_minimum_dim=\dimen170
\l__xeCJK_kerning_total_width_dim=\dimen171
\l__xeCJK_same_align_margin_dim=\dimen172
\l__xeCJK_different_align_margin_dim=\dimen173
\l__xeCJK_kerning_margin_width_dim=\dimen174
\l__xeCJK_kerning_margin_minimum_dim=\dimen175
\l__xeCJK_bound_dim=\dimen176
\l__xeCJK_reverse_bound_dim=\dimen177
\l__xeCJK_margin_dim=\dimen178
\l__xeCJK_minimum_bound_dim=\dimen179
\l__xeCJK_kerning_margin_dim=\dimen180
\g__xeCJK_family_int=\count297
\l__xeCJK_fam_int=\count298
\g__xeCJK_fam_allocation_int=\count299
\l__xeCJK_verb_case_int=\count300
\l__xeCJK_verb_exspace_skip=\skip60
 (c:/texlive/2024/texmf-dist/tex/xelatex/xecjk/xeCJK.cfg
File: xeCJK.cfg 2022/08/05 v3.9.1 Configuration file for xeCJK package
))

Package fontspec Warning: Font "STKAITI.TTF" does not contain requested Script
(fontspec)                "Default".


Package fontspec Info: Font family 'STKaiti(0)' created for font 'STKaiti'
(fontspec)             with options
(fontspec)             [Ligatures=TeX,Script={CJK},Path={C:/Windows/Fonts/},Upr
ightFont={STKAITI.TTF},Script={Default},BoldFont={STKAITI.TTF},ItalicFont={STKA
ITI.TTF}].
(fontspec)              
(fontspec)              This font family consists of the following NFSS
(fontspec)             series/shapes:
(fontspec)              
(fontspec)             - 'normal' (m/n) with NFSS spec.:
(fontspec)             <->"[C:/Windows/Fonts/STKAITI.TTF]/OT:language=dflt;mapp
ing=tex-text;"
(fontspec)             - 'small caps'  (m/sc) with NFSS spec.: 
(fontspec)             - 'bold' (b/n) with NFSS spec.:
(fontspec)             <->"[C:/Windows/Fonts/STKAITI.TTF]/OT:language=dflt;mapp
ing=tex-text;"
(fontspec)             - 'bold small caps'  (b/sc) with NFSS spec.: 
(fontspec)             - 'italic' (m/it) with NFSS spec.:
(fontspec)             <->"[C:/Windows/Fonts/STKAITI.TTF]/OT:language=dflt;mapp
ing=tex-text;"
(fontspec)             - 'italic small caps'  (m/scit) with NFSS spec.: 

(c:/texlive/2024/texmf-dist/tex/latex/geometry/geometry.sty
Package: geometry 2020/01/02 v5.9 Page Geometry

(c:/texlive/2024/texmf-dist/tex/latex/graphics/keyval.sty
Package: keyval 2022/05/29 v1.15 key=value parser (DPC)
\KV@toks@=\toks22
)
(c:/texlive/2024/texmf-dist/tex/generic/iftex/ifvtex.sty
Package: ifvtex 2019/10/25 v1.7 ifvtex legacy package. Use iftex instead.

(c:/texlive/2024/texmf-dist/tex/generic/iftex/iftex.sty
Package: iftex 2022/02/03 v1.0f TeX engine tests
))
\Gm@cnth=\count301
\Gm@cntv=\count302
\c@Gm@tempcnt=\count303
\Gm@bindingoffset=\dimen181
\Gm@wd@mp=\dimen182
\Gm@odd@mp=\dimen183
\Gm@even@mp=\dimen184
\Gm@layoutwidth=\dimen185
\Gm@layoutheight=\dimen186
\Gm@layouthoffset=\dimen187
\Gm@layoutvoffset=\dimen188
\Gm@dimlist=\toks23
)
(c:/texlive/2024/texmf-dist/tex/latex/booktabs/booktabs.sty
Package: booktabs 2020/01/12 v1.61803398 Publication quality tables
\heavyrulewidth=\dimen189
\lightrulewidth=\dimen190
\cmidrulewidth=\dimen191
\belowrulesep=\dimen192
\belowbottomsep=\dimen193
\aboverulesep=\dimen194
\abovetopsep=\dimen195
\cmidrulesep=\dimen196
\cmidrulekern=\dimen197
\defaultaddspace=\dimen198
\@cmidla=\count304
\@cmidlb=\count305
\@aboverulesep=\dimen199
\@belowrulesep=\dimen256
\@thisruleclass=\count306
\@lastruleclass=\count307
\@thisrulewidth=\dimen257
)
(c:/texlive/2024/texmf-dist/tex/latex/enumitem/enumitem.sty
Package: enumitem 2019/06/20 v3.9 Customi